
> frontend@0.0.0 build
> vite build

[36mvite v8.0.8 [32mbuilding client environment for production...[36m[39m
[2K
transforming...✓ 530 modules transformed.
rendering chunks...
computing gzip size...
dist/index.html                   0.45 kB │ gzip:   0.29 kB
dist/assets/index-3kSYatPK.css   33.16 kB │ gzip:   6.36 kB
dist/assets/index-C91p_q0l.js   520.54 kB │ gzip: 165.24 kB

[32m✓ built in 761ms[39m
npm.cmd : [33m[plugin builtin:vite-reporter] 
At line:1 char:1
+ npm.cmd run build > build-output.txt 2>&1; Get-Content 
build-output.t ...
+ ~~~~~~~~~~~~~~~~~~~~~~~~~~~~~~~~~~~~~~~~~
    + CategoryInfo          : NotSpecified: ([33m[plugin builtin:vite 
   -reporter] :String) [], RemoteException
    + FullyQualifiedErrorId : NativeCommandError
 
(!) Some chunks are larger than 500 kB after minification. Consider:
- Using dynamic import() to code-split the application
- Use build.rolldownOptions.output.codeSplitting to improve chunking: 
https://rolldown.rs/reference/OutputOptions.codeSplitting
- Adjust chunk size limit for this warning via 
build.chunkSizeWarningLimit.[39m
